Archive member included because of file (symbol)

/usr/local/CrossPack-AVR-20131216/lib/gcc/avr/4.8.1/avr51/libgcc.a(_exit.o)
                              /usr/local/CrossPack-AVR-20131216/lib/gcc/avr/4.8.1/../../../../avr/lib/avr51/crtusb1286.o (exit)
/usr/local/CrossPack-AVR-20131216/lib/gcc/avr/4.8.1/avr51/libgcc.a(_clear_bss.o)
                              usb_hid.o (__do_clear_bss)
/usr/local/CrossPack-AVR-20131216/lib/gcc/avr/4.8.1/../../../../avr/lib/avr51/libc.a(eerd_byte_at90usb1286.o)
                              usb_hid.o (__eerd_byte_usb1286)
/usr/local/CrossPack-AVR-20131216/lib/gcc/avr/4.8.1/../../../../avr/lib/avr51/libc.a(eewr_byte_at90usb1286.o)
                              usb_hid.o (__eewr_byte_usb1286)

Allocating common symbols
Common symbol       size              file

sw_report           0x7               3DPro.o
sw_reportsz         0x1               main.o
sw_id               0x1               3DPro.o
idle_cnt            0x1               main.o
usb_configuration   0x1               usb_hid.o
sw_repsav           0x7               main.o
usb_suspend         0x1               usb_hid.o
idle_rate           0x1               main.o

Memory Configuration

Name             Origin             Length             Attributes
text             0x00000000         0x00020000         xr
data             0x00800100         0x0000ff00         rw !x
eeprom           0x00810000         0x00010000         rw !x
fuse             0x00820000         0x00000400         rw !x
lock             0x00830000         0x00000400         rw !x
signature        0x00840000         0x00000400         rw !x
user_signatures  0x00850000         0x00000400         rw !x
*default*        0x00000000         0xffffffff

Linker script and memory map

Address of section .data set to 0x800100
LOAD /usr/local/CrossPack-AVR-20131216/lib/gcc/avr/4.8.1/../../../../avr/lib/avr51/crtusb1286.o
LOAD usb_hid.o
LOAD usbdescr.o
LOAD 3DPro.o
LOAD main.o
LOAD 3DProasm.o
LOAD /usr/local/CrossPack-AVR-20131216/lib/gcc/avr/4.8.1/../../../../avr/lib/avr51/libm.a
START GROUP
LOAD /usr/local/CrossPack-AVR-20131216/lib/gcc/avr/4.8.1/avr51/libgcc.a
LOAD /usr/local/CrossPack-AVR-20131216/lib/gcc/avr/4.8.1/../../../../avr/lib/avr51/libm.a
LOAD /usr/local/CrossPack-AVR-20131216/lib/gcc/avr/4.8.1/../../../../avr/lib/avr51/libc.a
END GROUP

.hash
 *(.hash)

.dynsym
 *(.dynsym)

.dynstr
 *(.dynstr)

.gnu.version
 *(.gnu.version)

.gnu.version_d
 *(.gnu.version_d)

.gnu.version_r
 *(.gnu.version_r)

.rel.init
 *(.rel.init)

.rela.init
 *(.rela.init)

.rel.text
 *(.rel.text)
 *(.rel.text.*)
 *(.rel.gnu.linkonce.t*)

.rela.text
 *(.rela.text)
 *(.rela.text.*)
 *(.rela.gnu.linkonce.t*)

.rel.fini
 *(.rel.fini)

.rela.fini
 *(.rela.fini)

.rel.rodata
 *(.rel.rodata)
 *(.rel.rodata.*)
 *(.rel.gnu.linkonce.r*)

.rela.rodata
 *(.rela.rodata)
 *(.rela.rodata.*)
 *(.rela.gnu.linkonce.r*)

.rel.data
 *(.rel.data)
 *(.rel.data.*)
 *(.rel.gnu.linkonce.d*)

.rela.data
 *(.rela.data)
 *(.rela.data.*)
 *(.rela.gnu.linkonce.d*)

.rel.ctors
 *(.rel.ctors)

.rela.ctors
 *(.rela.ctors)

.rel.dtors
 *(.rel.dtors)

.rela.dtors
 *(.rela.dtors)

.rel.got
 *(.rel.got)

.rela.got
 *(.rela.got)

.rel.bss
 *(.rel.bss)

.rela.bss
 *(.rela.bss)

.rel.plt
 *(.rel.plt)

.rela.plt
 *(.rela.plt)

.text           0x00000000     0x107a
 *(.vectors)
 .vectors       0x00000000       0x98 /usr/local/CrossPack-AVR-20131216/lib/gcc/avr/4.8.1/../../../../avr/lib/avr51/crtusb1286.o
                0x00000000                __vectors
                0x00000000                __vector_default
 *(.vectors)
 *(.progmem.gcc*)
                0x00000098                . = ALIGN (0x2)
                0x00000098                __trampolines_start = .
 *(.trampolines)
 .trampolines   0x00000098        0x0 linker stubs
 *(.trampolines*)
                0x00000098                __trampolines_end = .
 *(.progmem*)
 .progmem.data  0x00000098       0x74 usb_hid.o
 .progmem.data  0x0000010c      0x27e usbdescr.o
                0x0000010c                usbConfigurationDescFFP
                0x0000012e                usbConfigurationDesc3DP
                0x00000150                usbDeviceDescFFP
                0x00000162                usbDeviceDescPP
                0x00000174                usbDeviceDesc3DP
                0x00000186                usbStringDescProFFP
                0x000001e2                usbStringDescProPP
                0x00000234                usbStringDescPro3DP
                0x00000278                usbStringDescSer
                0x00000282                usbStringDescMan
                0x000002b4                usbStringDescLan
                0x000002b8                usbHidRepDescFFP
                0x00000326                usbHidRepDesc3DP
                0x0000038a                . = ALIGN (0x2)
 *(.jumptables)
 *(.jumptables*)
 *(.lowtext)
 *(.lowtext*)
                0x0000038a                __ctors_start = .
 *(.ctors)
                0x0000038a                __ctors_end = .
                0x0000038a                __dtors_start = .
 *(.dtors)
                0x0000038a                __dtors_end = .
 SORT(*)(.ctors)
 SORT(*)(.dtors)
 *(.init0)
 .init0         0x0000038a        0x0 /usr/local/CrossPack-AVR-20131216/lib/gcc/avr/4.8.1/../../../../avr/lib/avr51/crtusb1286.o
                0x0000038a                __init
 *(.init0)
 *(.init1)
 *(.init1)
 *(.init2)
 .init2         0x0000038a        0xc /usr/local/CrossPack-AVR-20131216/lib/gcc/avr/4.8.1/../../../../avr/lib/avr51/crtusb1286.o
 *(.init2)
 *(.init3)
 .init3         0x00000396       0x12 main.o
                0x00000396                Init3
 *(.init3)
 *(.init4)
 .init4         0x000003a8       0x10 /usr/local/CrossPack-AVR-20131216/lib/gcc/avr/4.8.1/avr51/libgcc.a(_clear_bss.o)
                0x000003a8                __do_clear_bss
 *(.init4)
 *(.init5)
 *(.init5)
 *(.init6)
 *(.init6)
 *(.init7)
 *(.init7)
 *(.init8)
 *(.init8)
 *(.init9)
 .init9         0x000003b8        0x8 /usr/local/CrossPack-AVR-20131216/lib/gcc/avr/4.8.1/../../../../avr/lib/avr51/crtusb1286.o
 *(.init9)
 *(.text)
 .text          0x000003c0        0x4 /usr/local/CrossPack-AVR-20131216/lib/gcc/avr/4.8.1/../../../../avr/lib/avr51/crtusb1286.o
                0x000003c0                __vector_20
                0x000003c0                __vector_28
                0x000003c0                __vector_32
                0x000003c0                __vector_34
                0x000003c0                __vector_24
                0x000003c0                __vector_12
                0x000003c0                __bad_interrupt
                0x000003c0                __vector_6
                0x000003c0                __vector_31
                0x000003c0                __vector_35
                0x000003c0                __vector_3
                0x000003c0                __vector_23
                0x000003c0                __vector_30
                0x000003c0                __vector_25
                0x000003c0                __vector_13
                0x000003c0                __vector_17
                0x000003c0                __vector_19
                0x000003c0                __vector_7
                0x000003c0                __vector_27
                0x000003c0                __vector_5
                0x000003c0                __vector_33
                0x000003c0                __vector_37
                0x000003c0                __vector_4
                0x000003c0                __vector_9
                0x000003c0                __vector_2
                0x000003c0                __vector_21
                0x000003c0                __vector_15
                0x000003c0                __vector_36
                0x000003c0                __vector_29
                0x000003c0                __vector_8
                0x000003c0                __vector_26
                0x000003c0                __vector_14
                0x000003c0                __vector_16
                0x000003c0                __vector_18
                0x000003c0                __vector_22
 .text          0x000003c4      0x4e4 usb_hid.o
                0x00000488                usb_init
                0x000004e0                usb_configured
                0x000004fa                usb_IN_busy
                0x0000052c                usb_send_IN
                0x00000566                __vector_10
                0x00000626                __vector_11
 .text          0x000008a8        0x0 usbdescr.o
 .text          0x000008a8      0x30c 3DPro.o
                0x00000964                init_hw
                0x00000b36                getdata
 .text          0x00000bb4       0x28 main.o
 .text          0x00000bdc      0x2a4 3DProasm.o
                0x00000bdc                __vector_1
                0x00000c76                CopyFFPData
                0x00000d10                Copy3DPData
                0x00000dea                QueryFFP
                0x00000e4e                Query3DP
 .text          0x00000e80        0x0 /usr/local/CrossPack-AVR-20131216/lib/gcc/avr/4.8.1/avr51/libgcc.a(_exit.o)
 .text          0x00000e80        0x0 /usr/local/CrossPack-AVR-20131216/lib/gcc/avr/4.8.1/avr51/libgcc.a(_clear_bss.o)
 .text          0x00000e80        0x0 /usr/local/CrossPack-AVR-20131216/lib/gcc/avr/4.8.1/../../../../avr/lib/avr51/libc.a(eerd_byte_at90usb1286.o)
 .text          0x00000e80        0x0 /usr/local/CrossPack-AVR-20131216/lib/gcc/avr/4.8.1/../../../../avr/lib/avr51/libc.a(eewr_byte_at90usb1286.o)
                0x00000e80                . = ALIGN (0x2)
 *(.text.*)
 .text.startup  0x00000e80      0x1ca main.o
                0x00000e80                main
 .text.libgcc.mul
                0x0000104a        0x0 /usr/local/CrossPack-AVR-20131216/lib/gcc/avr/4.8.1/avr51/libgcc.a(_exit.o)
 .text.libgcc.div
                0x0000104a        0x0 /usr/local/CrossPack-AVR-20131216/lib/gcc/avr/4.8.1/avr51/libgcc.a(_exit.o)
 .text.libgcc   0x0000104a        0x0 /usr/local/CrossPack-AVR-20131216/lib/gcc/avr/4.8.1/avr51/libgcc.a(_exit.o)
 .text.libgcc.prologue
                0x0000104a        0x0 /usr/local/CrossPack-AVR-20131216/lib/gcc/avr/4.8.1/avr51/libgcc.a(_exit.o)
 .text.libgcc.builtins
                0x0000104a        0x0 /usr/local/CrossPack-AVR-20131216/lib/gcc/avr/4.8.1/avr51/libgcc.a(_exit.o)
 .text.libgcc.fmul
                0x0000104a        0x0 /usr/local/CrossPack-AVR-20131216/lib/gcc/avr/4.8.1/avr51/libgcc.a(_exit.o)
 .text.libgcc.fixed
                0x0000104a        0x0 /usr/local/CrossPack-AVR-20131216/lib/gcc/avr/4.8.1/avr51/libgcc.a(_exit.o)
 .text.libgcc.mul
                0x0000104a        0x0 /usr/local/CrossPack-AVR-20131216/lib/gcc/avr/4.8.1/avr51/libgcc.a(_clear_bss.o)
 .text.libgcc.div
                0x0000104a        0x0 /usr/local/CrossPack-AVR-20131216/lib/gcc/avr/4.8.1/avr51/libgcc.a(_clear_bss.o)
 .text.libgcc   0x0000104a        0x0 /usr/local/CrossPack-AVR-20131216/lib/gcc/avr/4.8.1/avr51/libgcc.a(_clear_bss.o)
 .text.libgcc.prologue
                0x0000104a        0x0 /usr/local/CrossPack-AVR-20131216/lib/gcc/avr/4.8.1/avr51/libgcc.a(_clear_bss.o)
 .text.libgcc.builtins
                0x0000104a        0x0 /usr/local/CrossPack-AVR-20131216/lib/gcc/avr/4.8.1/avr51/libgcc.a(_clear_bss.o)
 .text.libgcc.fmul
                0x0000104a        0x0 /usr/local/CrossPack-AVR-20131216/lib/gcc/avr/4.8.1/avr51/libgcc.a(_clear_bss.o)
 .text.libgcc.fixed
                0x0000104a        0x0 /usr/local/CrossPack-AVR-20131216/lib/gcc/avr/4.8.1/avr51/libgcc.a(_clear_bss.o)
 .text.avr-libc
                0x0000104a       0x10 /usr/local/CrossPack-AVR-20131216/lib/gcc/avr/4.8.1/../../../../avr/lib/avr51/libc.a(eerd_byte_at90usb1286.o)
                0x0000104a                __eerd_byte_usb1286
 .text.avr-libc
                0x0000105a       0x1c /usr/local/CrossPack-AVR-20131216/lib/gcc/avr/4.8.1/../../../../avr/lib/avr51/libc.a(eewr_byte_at90usb1286.o)
                0x0000105a                __eewr_byte_usb1286
                0x0000105c                __eewr_r18_usb1286
                0x00001076                . = ALIGN (0x2)
 *(.fini9)
 .fini9         0x00001076        0x0 /usr/local/CrossPack-AVR-20131216/lib/gcc/avr/4.8.1/avr51/libgcc.a(_exit.o)
                0x00001076                exit
                0x00001076                _exit
 *(.fini9)
 *(.fini8)
 *(.fini8)
 *(.fini7)
 *(.fini7)
 *(.fini6)
 *(.fini6)
 *(.fini5)
 *(.fini5)
 *(.fini4)
 *(.fini4)
 *(.fini3)
 *(.fini3)
 *(.fini2)
 *(.fini2)
 *(.fini1)
 *(.fini1)
 *(.fini0)
 .fini0         0x00001076        0x4 /usr/local/CrossPack-AVR-20131216/lib/gcc/avr/4.8.1/avr51/libgcc.a(_exit.o)
 *(.fini0)
                0x0000107a                _etext = .

.data           0x00800100        0x0 load address 0x0000107a
                0x00800100                PROVIDE (__data_start, .)
 *(.data)
 .data          0x00800100        0x0 /usr/local/CrossPack-AVR-20131216/lib/gcc/avr/4.8.1/../../../../avr/lib/avr51/crtusb1286.o
 .data          0x00800100        0x0 usb_hid.o
 .data          0x00800100        0x0 usbdescr.o
 .data          0x00800100        0x0 3DPro.o
 .data          0x00800100        0x0 main.o
 .data          0x00800100        0x0 3DProasm.o
 .data          0x00800100        0x0 /usr/local/CrossPack-AVR-20131216/lib/gcc/avr/4.8.1/avr51/libgcc.a(_exit.o)
 .data          0x00800100        0x0 /usr/local/CrossPack-AVR-20131216/lib/gcc/avr/4.8.1/avr51/libgcc.a(_clear_bss.o)
 .data          0x00800100        0x0 /usr/local/CrossPack-AVR-20131216/lib/gcc/avr/4.8.1/../../../../avr/lib/avr51/libc.a(eerd_byte_at90usb1286.o)
 .data          0x00800100        0x0 /usr/local/CrossPack-AVR-20131216/lib/gcc/avr/4.8.1/../../../../avr/lib/avr51/libc.a(eewr_byte_at90usb1286.o)
 *(.data*)
 *(.rodata)
 *(.rodata*)
 *(.gnu.linkonce.d*)
                0x00800100                . = ALIGN (0x2)
                0x00800100                _edata = .
                0x00800100                PROVIDE (__data_end, .)

.bss            0x00800100       0x6e
                0x00800100                PROVIDE (__bss_start, .)
 *(.bss)
 .bss           0x00800100        0x0 /usr/local/CrossPack-AVR-20131216/lib/gcc/avr/4.8.1/../../../../avr/lib/avr51/crtusb1286.o
 .bss           0x00800100        0x0 usb_hid.o
 .bss           0x00800100        0x0 usbdescr.o
 .bss           0x00800100        0x2 3DPro.o
 .bss           0x00800102        0x0 main.o
 .bss           0x00800102       0x58 3DProasm.o
                0x00800103                sw_idbuf
                0x0080013f                sw_packet3
                0x00800147                sw_packet2
                0x0080014f                sw_packet1
                0x00800151                ffp_packet
                0x00800157                sw_pktptr
                0x00800159                sw_clkcnt
 .bss           0x0080015a        0x0 /usr/local/CrossPack-AVR-20131216/lib/gcc/avr/4.8.1/avr51/libgcc.a(_exit.o)
 .bss           0x0080015a        0x0 /usr/local/CrossPack-AVR-20131216/lib/gcc/avr/4.8.1/avr51/libgcc.a(_clear_bss.o)
 .bss           0x0080015a        0x0 /usr/local/CrossPack-AVR-20131216/lib/gcc/avr/4.8.1/../../../../avr/lib/avr51/libc.a(eerd_byte_at90usb1286.o)
 .bss           0x0080015a        0x0 /usr/local/CrossPack-AVR-20131216/lib/gcc/avr/4.8.1/../../../../avr/lib/avr51/libc.a(eewr_byte_at90usb1286.o)
 *(.bss*)
 *(COMMON)
 COMMON         0x0080015a        0x2 usb_hid.o
                0x0080015a                usb_configuration
                0x0080015b                usb_suspend
 COMMON         0x0080015c        0x8 3DPro.o
                0x0080015c                sw_report
                0x00800163                sw_id
 COMMON         0x00800164        0xa main.o
                0x00800164                sw_reportsz
                0x00800165                idle_cnt
                0x00800166                sw_repsav
                0x0080016d                idle_rate
                0x0080016e                PROVIDE (__bss_end, .)
                0x0000107a                __data_load_start = LOADADDR (.data)
                0x0000107a                __data_load_end = (__data_load_start + SIZEOF (.data))

.noinit         0x0080016e        0x0
                0x0080016e                PROVIDE (__noinit_start, .)
 *(.noinit*)
                0x0080016e                PROVIDE (__noinit_end, .)
                0x0080016e                _end = .
                0x0080016e                PROVIDE (__heap_start, .)

.eeprom         0x00810000        0x0
 *(.eeprom*)
                0x00810000                __eeprom_end = .

.fuse
 *(.fuse)
 *(.lfuse)
 *(.hfuse)
 *(.efuse)

.lock
 *(.lock*)

.signature
 *(.signature*)

.user_signatures
 *(.user_signatures*)

.stab           0x00000000      0xe94
 *(.stab)
 .stab          0x00000000      0xe94 3DProasm.o

.stabstr        0x00000000       0x49
 *(.stabstr)
 .stabstr       0x00000000       0x49 3DProasm.o

.stab.excl
 *(.stab.excl)

.stab.exclstr
 *(.stab.exclstr)

.stab.index
 *(.stab.index)

.stab.indexstr
 *(.stab.indexstr)

.comment        0x00000000       0x11
 *(.comment)
 .comment       0x00000000       0x11 usb_hid.o
                                 0x12 (size before relaxing)
 .comment       0x00000000       0x12 usbdescr.o
 .comment       0x00000000       0x12 3DPro.o
 .comment       0x00000000       0x12 main.o

.debug
 *(.debug)

.line
 *(.line)

.debug_srcinfo
 *(.debug_srcinfo)

.debug_sfnames
 *(.debug_sfnames)

.debug_aranges  0x00000000       0xc8
 *(.debug_aranges)
 .debug_aranges
                0x00000000       0x20 usb_hid.o
 .debug_aranges
                0x00000020       0x18 usbdescr.o
 .debug_aranges
                0x00000038       0x20 3DPro.o
 .debug_aranges
                0x00000058       0x30 main.o
 .debug_aranges
                0x00000088       0x20 /usr/local/CrossPack-AVR-20131216/lib/gcc/avr/4.8.1/avr51/libgcc.a(_exit.o)
 .debug_aranges
                0x000000a8       0x20 /usr/local/CrossPack-AVR-20131216/lib/gcc/avr/4.8.1/avr51/libgcc.a(_clear_bss.o)

.debug_pubnames
 *(.debug_pubnames)

.debug_info     0x00000000     0x1c8c
 *(.debug_info)
 .debug_info    0x00000000      0xc0d usb_hid.o
 .debug_info    0x00000c0d      0x525 usbdescr.o
 .debug_info    0x00001132      0x6be 3DPro.o
 .debug_info    0x000017f0      0x31e main.o
 .debug_info    0x00001b0e       0xbf /usr/local/CrossPack-AVR-20131216/lib/gcc/avr/4.8.1/avr51/libgcc.a(_exit.o)
 .debug_info    0x00001bcd       0xbf /usr/local/CrossPack-AVR-20131216/lib/gcc/avr/4.8.1/avr51/libgcc.a(_clear_bss.o)
 *(.gnu.linkonce.wi.*)

.debug_abbrev   0x00000000      0x88e
 *(.debug_abbrev)
 .debug_abbrev  0x00000000      0x312 usb_hid.o
 .debug_abbrev  0x00000312       0xcd usbdescr.o
 .debug_abbrev  0x000003df      0x2ca 3DPro.o
 .debug_abbrev  0x000006a9      0x1bd main.o
 .debug_abbrev  0x00000866       0x14 /usr/local/CrossPack-AVR-20131216/lib/gcc/avr/4.8.1/avr51/libgcc.a(_exit.o)
 .debug_abbrev  0x0000087a       0x14 /usr/local/CrossPack-AVR-20131216/lib/gcc/avr/4.8.1/avr51/libgcc.a(_clear_bss.o)

.debug_line     0x00000000      0x69a
 *(.debug_line)
 .debug_line    0x00000000      0x24a usb_hid.o
 .debug_line    0x0000024a       0x70 usbdescr.o
 .debug_line    0x000002ba      0x183 3DPro.o
 .debug_line    0x0000043d      0x1a7 main.o
 .debug_line    0x000005e4       0x58 /usr/local/CrossPack-AVR-20131216/lib/gcc/avr/4.8.1/avr51/libgcc.a(_exit.o)
 .debug_line    0x0000063c       0x5e /usr/local/CrossPack-AVR-20131216/lib/gcc/avr/4.8.1/avr51/libgcc.a(_clear_bss.o)

.debug_frame    0x00000000      0x278
 *(.debug_frame)
 .debug_frame   0x00000000      0x15c usb_hid.o
 .debug_frame   0x0000015c       0xc4 3DPro.o
 .debug_frame   0x00000220       0x58 main.o

.debug_str      0x00000000      0x89d
 *(.debug_str)
 .debug_str     0x00000000      0x6d1 usb_hid.o
                                0x70a (size before relaxing)
 .debug_str     0x000006d1        0xb usbdescr.o
                                0x529 (size before relaxing)
 .debug_str     0x000006dc      0x185 3DPro.o
                                0x2c2 (size before relaxing)
 .debug_str     0x00000861       0x3c main.o
                                0x277 (size before relaxing)

.debug_loc      0x00000000      0xcf9
 *(.debug_loc)
 .debug_loc     0x00000000      0x919 usb_hid.o
 .debug_loc     0x00000919      0x245 3DPro.o
 .debug_loc     0x00000b5e      0x19b main.o

.debug_macinfo
 *(.debug_macinfo)

.debug_pubtypes
 *(.debug_pubtypes)

.debug_ranges   0x00000000       0x90
 *(.debug_ranges)
 .debug_ranges  0x00000000       0x40 usb_hid.o
 .debug_ranges  0x00000040       0x30 3DPro.o
 .debug_ranges  0x00000070       0x20 main.o

.debug_macro
 *(.debug_macro)
OUTPUT(Joystick.elf elf32-avr)
LOAD linker stubs

Cross Reference Table

Symbol                                            File
Copy3DPData                                       3DProasm.o
                                                  3DPro.o
CopyFFPData                                       3DProasm.o
                                                  3DPro.o
Init3                                             main.o
Query3DP                                          3DProasm.o
                                                  3DPro.o
QueryFFP                                          3DProasm.o
                                                  3DPro.o
__bad_interrupt                                   /usr/local/CrossPack-AVR-20131216/lib/gcc/avr/4.8.1/../../../../avr/lib/avr51/crtusb1286.o
__bss_end                                         /usr/local/CrossPack-AVR-20131216/lib/gcc/avr/4.8.1/avr51/libgcc.a(_clear_bss.o)
__bss_start                                       /usr/local/CrossPack-AVR-20131216/lib/gcc/avr/4.8.1/avr51/libgcc.a(_clear_bss.o)
__do_clear_bss                                    /usr/local/CrossPack-AVR-20131216/lib/gcc/avr/4.8.1/avr51/libgcc.a(_clear_bss.o)
                                                  main.o
                                                  3DPro.o
                                                  usb_hid.o
__eerd_byte_usb1286                               /usr/local/CrossPack-AVR-20131216/lib/gcc/avr/4.8.1/../../../../avr/lib/avr51/libc.a(eerd_byte_at90usb1286.o)
                                                  usb_hid.o
__eewr_byte_usb1286                               /usr/local/CrossPack-AVR-20131216/lib/gcc/avr/4.8.1/../../../../avr/lib/avr51/libc.a(eewr_byte_at90usb1286.o)
                                                  usb_hid.o
__eewr_r18_usb1286                                /usr/local/CrossPack-AVR-20131216/lib/gcc/avr/4.8.1/../../../../avr/lib/avr51/libc.a(eewr_byte_at90usb1286.o)
__heap_end                                        /usr/local/CrossPack-AVR-20131216/lib/gcc/avr/4.8.1/../../../../avr/lib/avr51/crtusb1286.o
__init                                            /usr/local/CrossPack-AVR-20131216/lib/gcc/avr/4.8.1/../../../../avr/lib/avr51/crtusb1286.o
__stack                                           /usr/local/CrossPack-AVR-20131216/lib/gcc/avr/4.8.1/../../../../avr/lib/avr51/crtusb1286.o
__vector_1                                        3DProasm.o
                                                  /usr/local/CrossPack-AVR-20131216/lib/gcc/avr/4.8.1/../../../../avr/lib/avr51/crtusb1286.o
__vector_10                                       usb_hid.o
                                                  /usr/local/CrossPack-AVR-20131216/lib/gcc/avr/4.8.1/../../../../avr/lib/avr51/crtusb1286.o
__vector_11                                       usb_hid.o
                                                  /usr/local/CrossPack-AVR-20131216/lib/gcc/avr/4.8.1/../../../../avr/lib/avr51/crtusb1286.o
__vector_12                                       /usr/local/CrossPack-AVR-20131216/lib/gcc/avr/4.8.1/../../../../avr/lib/avr51/crtusb1286.o
__vector_13                                       /usr/local/CrossPack-AVR-20131216/lib/gcc/avr/4.8.1/../../../../avr/lib/avr51/crtusb1286.o
__vector_14                                       /usr/local/CrossPack-AVR-20131216/lib/gcc/avr/4.8.1/../../../../avr/lib/avr51/crtusb1286.o
__vector_15                                       /usr/local/CrossPack-AVR-20131216/lib/gcc/avr/4.8.1/../../../../avr/lib/avr51/crtusb1286.o
__vector_16                                       /usr/local/CrossPack-AVR-20131216/lib/gcc/avr/4.8.1/../../../../avr/lib/avr51/crtusb1286.o
__vector_17                                       /usr/local/CrossPack-AVR-20131216/lib/gcc/avr/4.8.1/../../../../avr/lib/avr51/crtusb1286.o
__vector_18                                       /usr/local/CrossPack-AVR-20131216/lib/gcc/avr/4.8.1/../../../../avr/lib/avr51/crtusb1286.o
__vector_19                                       /usr/local/CrossPack-AVR-20131216/lib/gcc/avr/4.8.1/../../../../avr/lib/avr51/crtusb1286.o
__vector_2                                        /usr/local/CrossPack-AVR-20131216/lib/gcc/avr/4.8.1/../../../../avr/lib/avr51/crtusb1286.o
__vector_20                                       /usr/local/CrossPack-AVR-20131216/lib/gcc/avr/4.8.1/../../../../avr/lib/avr51/crtusb1286.o
__vector_21                                       /usr/local/CrossPack-AVR-20131216/lib/gcc/avr/4.8.1/../../../../avr/lib/avr51/crtusb1286.o
__vector_22                                       /usr/local/CrossPack-AVR-20131216/lib/gcc/avr/4.8.1/../../../../avr/lib/avr51/crtusb1286.o
__vector_23                                       /usr/local/CrossPack-AVR-20131216/lib/gcc/avr/4.8.1/../../../../avr/lib/avr51/crtusb1286.o
__vector_24                                       /usr/local/CrossPack-AVR-20131216/lib/gcc/avr/4.8.1/../../../../avr/lib/avr51/crtusb1286.o
__vector_25                                       /usr/local/CrossPack-AVR-20131216/lib/gcc/avr/4.8.1/../../../../avr/lib/avr51/crtusb1286.o
__vector_26                                       /usr/local/CrossPack-AVR-20131216/lib/gcc/avr/4.8.1/../../../../avr/lib/avr51/crtusb1286.o
__vector_27                                       /usr/local/CrossPack-AVR-20131216/lib/gcc/avr/4.8.1/../../../../avr/lib/avr51/crtusb1286.o
__vector_28                                       /usr/local/CrossPack-AVR-20131216/lib/gcc/avr/4.8.1/../../../../avr/lib/avr51/crtusb1286.o
__vector_29                                       /usr/local/CrossPack-AVR-20131216/lib/gcc/avr/4.8.1/../../../../avr/lib/avr51/crtusb1286.o
__vector_3                                        /usr/local/CrossPack-AVR-20131216/lib/gcc/avr/4.8.1/../../../../avr/lib/avr51/crtusb1286.o
__vector_30                                       /usr/local/CrossPack-AVR-20131216/lib/gcc/avr/4.8.1/../../../../avr/lib/avr51/crtusb1286.o
__vector_31                                       /usr/local/CrossPack-AVR-20131216/lib/gcc/avr/4.8.1/../../../../avr/lib/avr51/crtusb1286.o
__vector_32                                       /usr/local/CrossPack-AVR-20131216/lib/gcc/avr/4.8.1/../../../../avr/lib/avr51/crtusb1286.o
__vector_33                                       /usr/local/CrossPack-AVR-20131216/lib/gcc/avr/4.8.1/../../../../avr/lib/avr51/crtusb1286.o
__vector_34                                       /usr/local/CrossPack-AVR-20131216/lib/gcc/avr/4.8.1/../../../../avr/lib/avr51/crtusb1286.o
__vector_35                                       /usr/local/CrossPack-AVR-20131216/lib/gcc/avr/4.8.1/../../../../avr/lib/avr51/crtusb1286.o
__vector_36                                       /usr/local/CrossPack-AVR-20131216/lib/gcc/avr/4.8.1/../../../../avr/lib/avr51/crtusb1286.o
__vector_37                                       /usr/local/CrossPack-AVR-20131216/lib/gcc/avr/4.8.1/../../../../avr/lib/avr51/crtusb1286.o
__vector_4                                        /usr/local/CrossPack-AVR-20131216/lib/gcc/avr/4.8.1/../../../../avr/lib/avr51/crtusb1286.o
__vector_5                                        /usr/local/CrossPack-AVR-20131216/lib/gcc/avr/4.8.1/../../../../avr/lib/avr51/crtusb1286.o
__vector_6                                        /usr/local/CrossPack-AVR-20131216/lib/gcc/avr/4.8.1/../../../../avr/lib/avr51/crtusb1286.o
__vector_7                                        /usr/local/CrossPack-AVR-20131216/lib/gcc/avr/4.8.1/../../../../avr/lib/avr51/crtusb1286.o
__vector_8                                        /usr/local/CrossPack-AVR-20131216/lib/gcc/avr/4.8.1/../../../../avr/lib/avr51/crtusb1286.o
__vector_9                                        /usr/local/CrossPack-AVR-20131216/lib/gcc/avr/4.8.1/../../../../avr/lib/avr51/crtusb1286.o
__vector_default                                  /usr/local/CrossPack-AVR-20131216/lib/gcc/avr/4.8.1/../../../../avr/lib/avr51/crtusb1286.o
__vectors                                         /usr/local/CrossPack-AVR-20131216/lib/gcc/avr/4.8.1/../../../../avr/lib/avr51/crtusb1286.o
_exit                                             /usr/local/CrossPack-AVR-20131216/lib/gcc/avr/4.8.1/avr51/libgcc.a(_exit.o)
exit                                              /usr/local/CrossPack-AVR-20131216/lib/gcc/avr/4.8.1/avr51/libgcc.a(_exit.o)
                                                  /usr/local/CrossPack-AVR-20131216/lib/gcc/avr/4.8.1/../../../../avr/lib/avr51/crtusb1286.o
ffp_packet                                        3DProasm.o
                                                  3DPro.o
getdata                                           3DPro.o
                                                  main.o
idle_cnt                                          main.o
                                                  usb_hid.o
idle_rate                                         main.o
                                                  usb_hid.o
init_hw                                           3DPro.o
                                                  main.o
main                                              main.o
                                                  /usr/local/CrossPack-AVR-20131216/lib/gcc/avr/4.8.1/../../../../avr/lib/avr51/crtusb1286.o
sw_clkcnt                                         3DProasm.o
                                                  3DPro.o
sw_id                                             main.o
                                                  3DPro.o
                                                  usb_hid.o
sw_idbuf                                          3DProasm.o
sw_packet1                                        3DProasm.o
                                                  3DPro.o
sw_packet2                                        3DProasm.o
sw_packet3                                        3DProasm.o
sw_pktptr                                         3DProasm.o
sw_report                                         3DProasm.o
                                                  main.o
                                                  3DPro.o
                                                  usb_hid.o
sw_reportsz                                       main.o
                                                  usb_hid.o
sw_repsav                                         main.o
usbConfigurationDesc3DP                           usbdescr.o
                                                  usb_hid.o
usbConfigurationDescFFP                           usbdescr.o
                                                  usb_hid.o
usbDeviceDesc3DP                                  usbdescr.o
                                                  usb_hid.o
usbDeviceDescFFP                                  usbdescr.o
                                                  usb_hid.o
usbDeviceDescPP                                   usbdescr.o
                                                  usb_hid.o
usbHidRepDesc3DP                                  usbdescr.o
                                                  usb_hid.o
usbHidRepDescFFP                                  usbdescr.o
                                                  usb_hid.o
usbStringDescLan                                  usbdescr.o
                                                  usb_hid.o
usbStringDescMan                                  usbdescr.o
                                                  usb_hid.o
usbStringDescPro3DP                               usbdescr.o
                                                  usb_hid.o
usbStringDescProFFP                               usbdescr.o
                                                  usb_hid.o
usbStringDescProPP                                usbdescr.o
                                                  usb_hid.o
usbStringDescSer                                  usbdescr.o
                                                  usb_hid.o
usb_IN_busy                                       usb_hid.o
                                                  main.o
usb_configuration                                 usb_hid.o
usb_configured                                    usb_hid.o
                                                  main.o
usb_init                                          usb_hid.o
                                                  main.o
usb_send_IN                                       usb_hid.o
                                                  main.o
usb_suspend                                       main.o
                                                  usb_hid.o
